12679 14:30:11.731864 execve("/bin/ls", ["ls"], [/* 61 vars */]) = 0
12679 14:30:11.732634 brk(0)            = 0x1690000
12679 14:30:11.732790 mmap(NULL, 4096, PROT_READ|PROT_WRITE, MAP_PRIVATE|MAP_ANONYMOUS, -1, 0) = 0x7f7ea5488000
12679 14:30:11.732945 access("/etc/ld.so.preload", R_OK) = -1 ENOENT (No such file or directory)
12679 14:30:11.733110 open("/etc/ld.so.cache", O_RDONLY) = 3
12679 14:30:11.733234 fstat(3, {st_mode=S_IFREG|0644, st_size=133467, ...}) = 0
12679 14:30:11.733381 mmap(NULL, 133467, PROT_READ, MAP_PRIVATE, 3, 0) = 0x7f7ea5467000
12679 14:30:11.733486 close(3)          = 0
12679 14:30:11.733614 open("/lib64/libselinux.so.1", O_RDONLY) = 3
12679 14:30:11.733729 read(3, "\177ELF\2\1\1\0\0\0\0\0\0\0\0\0\3\0>\0\1\0\0\0\20V`Q;\0\0\0"..., 832) = 832
12679 14:30:11.733871 fstat(3, {st_mode=S_IFREG|0755, st_size=124592, ...}) = 0
12679 14:30:11.734020 mmap(0x3b51600000, 2221872, PROT_READ|PROT_EXEC, MAP_PRIVATE|MAP_DENYWRITE, 3, 0) = 0x3b51600000
12679 14:30:11.734131 mprotect(0x3b5161d000, 2093056, PROT_NONE) = 0
12679 14:30:11.734242 mmap(0x3b5181c000, 8192, PROT_READ|PROT_WRITE, MAP_PRIVATE|MAP_FIXED|MAP_DENYWRITE, 3, 0x1c000) = 0x3b5181c000
12679 14:30:11.734370 mmap(0x3b5181e000, 1840, PROT_READ|PROT_WRITE, MAP_PRIVATE|MAP_FIXED|MAP_ANONYMOUS, -1, 0) = 0x3b5181e000
12679 14:30:11.734482 close(3)          = 0
12679 14:30:11.734598 open("/lib64/librt.so.1", O_RDONLY) = 3
12679 14:30:11.734718 read(3, "\177ELF\2\1\1\3\0\0\0\0\0\0\0\0\3\0>\0\1\0\0\0@! Q;\0\0\0"..., 832) = 832
12679 14:30:11.734852 fstat(3, {st_mode=S_IFREG|0755, st_size=47072, ...}) = 0
12679 14:30:11.735006 mmap(0x3b51200000, 2128816, PROT_READ|PROT_EXEC, MAP_PRIVATE|MAP_DENYWRITE, 3, 0) = 0x3b51200000
12679 14:30:11.735114 mprotect(0x3b51207000, 2093056, PROT_NONE) = 0
12679 14:30:11.735225 mmap(0x3b51406000, 8192, PROT_READ|PROT_WRITE, MAP_PRIVATE|MAP_FIXED|MAP_DENYWRITE, 3, 0x6000) = 0x3b51406000
12679 14:30:11.735347 close(3)          = 0
12679 14:30:11.735473 open("/lib64/libcap.so.2", O_RDONLY) = 3
12679 14:30:11.735593 read(3, "\177ELF\2\1\1\0\0\0\0\0\0\0\0\0\3\0>\0\1\0\0\0000\23 ^;\0\0\0"..., 832) = 832
12679 14:30:11.735715 fstat(3, {st_mode=S_IFREG|0755, st_size=18920, ...}) = 0
12679 14:30:11.735871 mmap(NULL, 4096, PROT_READ|PROT_WRITE, MAP_PRIVATE|MAP_ANONYMOUS, -1, 0) = 0x7f7ea5466000
12679 14:30:11.735990 mmap(0x3b5e200000, 2111680, PROT_READ|PROT_EXEC, MAP_PRIVATE|MAP_DENYWRITE, 3, 0) = 0x3b5e200000
12679 14:30:11.736097 mprotect(0x3b5e204000, 2093056, PROT_NONE) = 0
12679 14:30:11.736206 mmap(0x3b5e403000, 4096, PROT_READ|PROT_WRITE, MAP_PRIVATE|MAP_FIXED|MAP_DENYWRITE, 3, 0x3000) = 0x3b5e403000
12679 14:30:11.736326 close(3)          = 0
12679 14:30:11.736441 open("/lib64/libacl.so.1", O_RDONLY) = 3
12679 14:30:11.736559 read(3, "\177ELF\2\1\1\0\0\0\0\0\0\0\0\0\3\0>\0\1\0\0\0000\35\340\f5\0\0\0"..., 832) = 832
12679 14:30:11.736681 fstat(3, {st_mode=S_IFREG|0755, st_size=34336, ...}) = 0
12679 14:30:11.736824 mmap(0x350ce00000, 2126992, PROT_READ|PROT_EXEC, MAP_PRIVATE|MAP_DENYWRITE, 3, 0) = 0x350ce00000
12679 14:30:11.736944 mprotect(0x350ce07000, 2097152, PROT_NONE) = 0
12679 14:30:11.737053 mmap(0x350d007000, 4096, PROT_READ|PROT_WRITE, MAP_PRIVATE|MAP_FIXED|MAP_DENYWRITE, 3, 0x7000) = 0x350d007000
12679 14:30:11.737172 close(3)          = 0
12679 14:30:11.737287 open("/lib64/libc.so.6", O_RDONLY) = 3
12679 14:30:11.737405 read(3, "\177ELF\2\1\1\3\0\0\0\0\0\0\0\0\3\0>\0\1\0\0\0p\355\341O;\0\0\0"..., 832) = 832
12679 14:30:11.737526 fstat(3, {st_mode=S_IFREG|0755, st_size=1838296, ...}) = 0
12679 14:30:11.737669 mmap(0x3b4fe00000, 3664040, PROT_READ|PROT_EXEC, MAP_PRIVATE|MAP_DENYWRITE, 3, 0) = 0x3b4fe00000
12679 14:30:11.737776 mprotect(0x3b4ff75000, 2097152, PROT_NONE) = 0
12679 14:30:11.737900 mmap(0x3b50175000, 20480, PROT_READ|PROT_WRITE, MAP_PRIVATE|MAP_FIXED|MAP_DENYWRITE, 3, 0x175000) = 0x3b50175000
12679 14:30:11.738027 mmap(0x3b5017a000, 18600, PROT_READ|PROT_WRITE, MAP_PRIVATE|MAP_FIXED|MAP_ANONYMOUS, -1, 0) = 0x3b5017a000
12679 14:30:11.738140 close(3)          = 0
12679 14:30:11.738268 open("/lib64/libdl.so.2", O_RDONLY) = 3
12679 14:30:11.738402 read(3, "\177ELF\2\1\1\3\0\0\0\0\0\0\0\0\3\0>\0\1\0\0\0\340\r P;\0\0\0"..., 832) = 832
12679 14:30:11.738524 fstat(3, {st_mode=S_IFREG|0755, st_size=22536, ...}) = 0
12679 14:30:11.738667 mmap(NULL, 4096, PROT_READ|PROT_WRITE, MAP_PRIVATE|MAP_ANONYMOUS, -1, 0) = 0x7f7ea5465000
12679 14:30:11.738785 mmap(0x3b50200000, 2109696, PROT_READ|PROT_EXEC, MAP_PRIVATE|MAP_DENYWRITE, 3, 0) = 0x3b50200000
12679 14:30:11.738914 mprotect(0x3b50202000, 2097152, PROT_NONE) = 0
12679 14:30:11.739024 mmap(0x3b50402000, 8192, PROT_READ|PROT_WRITE, MAP_PRIVATE|MAP_FIXED|MAP_DENYWRITE, 3, 0x2000) = 0x3b50402000
12679 14:30:11.739229 close(3)          = 0
12679 14:30:11.739347 open("/lib64/libpthread.so.0", O_RDONLY) = 3
12679 14:30:11.739470 read(3, "\177ELF\2\1\1\3\0\0\0\0\0\0\0\0\3\0>\0\1\0\0\0\20\\`P;\0\0\0"..., 832) = 832
12679 14:30:11.739592 fstat(3, {st_mode=S_IFREG|0755, st_size=145672, ...}) = 0
12679 14:30:11.739735 mmap(0x3b50600000, 2212768, PROT_READ|PROT_EXEC, MAP_PRIVATE|MAP_DENYWRITE, 3, 0) = 0x3b50600000
12679 14:30:11.739852 mprotect(0x3b50617000, 2097152, PROT_NONE) = 0
12679 14:30:11.739968 mmap(0x3b50817000, 8192, PROT_READ|PROT_WRITE, MAP_PRIVATE|MAP_FIXED|MAP_DENYWRITE, 3, 0x17000) = 0x3b50817000
12679 14:30:11.740097 mmap(0x3b50819000, 13216, PROT_READ|PROT_WRITE, MAP_PRIVATE|MAP_FIXED|MAP_ANONYMOUS, -1, 0) = 0x3b50819000
12679 14:30:11.740212 close(3)          = 0
12679 14:30:11.740332 open("/lib64/libattr.so.1", O_RDONLY) = 3
12679 14:30:11.740654 read(3, "\177ELF\2\1\1\0\0\0\0\0\0\0\0\0\3\0>\0\1\0\0\0P\23\340`;\0\0\0"..., 832) = 832
12679 14:30:11.740878 fstat(3, {st_mode=S_IFREG|0755, st_size=20280, ...}) = 0
12679 14:30:11.741028 mmap(0x3b60e00000, 2113072, PROT_READ|PROT_EXEC, MAP_PRIVATE|MAP_DENYWRITE, 3, 0) = 0x3b60e00000
12679 14:30:11.741137 mprotect(0x3b60e04000, 2093056, PROT_NONE) = 0
12679 14:30:11.741247 mmap(0x3b61003000, 4096, PROT_READ|PROT_WRITE, MAP_PRIVATE|MAP_FIXED|MAP_DENYWRITE, 3, 0x3000) = 0x3b61003000
12679 14:30:11.741366 close(3)          = 0
12679 14:30:11.741490 mmap(NULL, 4096, PROT_READ|PROT_WRITE, MAP_PRIVATE|MAP_ANONYMOUS, -1, 0) = 0x7f7ea5464000
12679 14:30:11.741647 mmap(NULL, 8192, PROT_READ|PROT_WRITE, MAP_PRIVATE|MAP_ANONYMOUS, -1, 0) = 0x7f7ea5462000
12679 14:30:11.741763 arch_prctl(ARCH_SET_FS, 0x7f7ea54627a0) = 0
12679 14:30:11.741942 mprotect(0x3b5181c000, 4096, PROT_READ) = 0
12679 14:30:11.742058 mprotect(0x3b51406000, 4096, PROT_READ) = 0
12679 14:30:11.742165 mprotect(0x3b50175000, 16384, PROT_READ) = 0
12679 14:30:11.742273 mprotect(0x3b50402000, 4096, PROT_READ) = 0
12679 14:30:11.742381 mprotect(0x3b4f81e000, 4096, PROT_READ) = 0
12679 14:30:11.742489 mprotect(0x3b50817000, 4096, PROT_READ) = 0
12679 14:30:11.742599 munmap(0x7f7ea5467000, 133467) = 0
12679 14:30:11.742735 set_tid_address(0x7f7ea5462a70) = 12679
12679 14:30:11.742846 set_robust_list(0x7f7ea5462a80, 0x18) = 0
12679 14:30:11.742951 futex(0x7fffbd4fa94c, FUTEX_WAKE_PRIVATE, 1) = 0
12679 14:30:11.743063 futex(0x7fffbd4fa94c, FUTEX_WAIT_BITSET_PRIVATE|FUTEX_CLOCK_REALTIME, 1, NULL, 7f7ea54627a0) = -1 EAGAIN (Resource temporarily unavailable)
12679 14:30:11.743190 rt_sigaction(SIGRTMIN, {0x3b50605a90, [], SA_RESTORER|SA_SIGINFO, 0x3b5060f4c0}, NULL, 8) = 0
12679 14:30:11.743332 rt_sigaction(SIGRT_1, {0x3b50605b20, [], SA_RESTORER|SA_RESTART|SA_SIGINFO, 0x3b5060f4c0}, NULL, 8) = 0
12679 14:30:11.743464 rt_sigprocmask(SIG_UNBLOCK, [RTMIN RT_1], NULL, 8) = 0
12679 14:30:11.743576 getrlimit(RLIMIT_STACK, {rlim_cur=10240*1024, rlim_max=RLIM_INFINITY}) = 0
12679 14:30:11.743776 statfs("/selinux", {f_type=0xf97cff8c, f_bsize=4096, f_blocks=0, f_bfree=0, f_bavail=0, f_files=0, f_ffree=0, f_fsid={0, 0}, f_namelen=255, f_frsize=4096}) = 0
12679 14:30:11.744272 brk(0)            = 0x1690000
12679 14:30:11.744375 brk(0x16b1000)    = 0x16b1000
12679 14:30:11.744540 open("/usr/lib/locale/locale-archive", O_RDONLY) = 3
12679 14:30:11.744670 fstat(3, {st_mode=S_IFREG|0644, st_size=99158752, ...}) = 0
12679 14:30:11.744815 mmap(NULL, 99158752, PROT_READ, MAP_PRIVATE, 3, 0) = 0x7f7e9f5d1000
12679 14:30:11.744984 close(3)          = 0
12679 14:30:11.745116 ioctl(1, SNDCTL_TMR_TIMEBASE or TCGETS, {B38400 opost isig icanon echo ...}) = 0
12679 14:30:11.745223 ioctl(1, TIOCGWINSZ, {ws_row=30, ws_col=100, ws_xpixel=0, ws_ypixel=0}) = 0
12679 14:30:11.745324 open(".", O_RDONLY|O_NONBLOCK|O_DIRECTORY|O_CLOEXEC) = 3
12679 14:30:11.745407 fcntl(3, F_GETFD) = 0x1 (flags FD_CLOEXEC)
12679 14:30:11.745490 getdents(3, /* 353 entries */, 32768) = 16560
12679 14:30:11.748749 brk(0x16db000)    = 0x16db000
12679 14:30:11.748831 brk(0x16d2000)    = 0x16d2000
12679 14:30:11.748970 getdents(3, /* 0 entries */, 32768) = 0
12679 14:30:11.749040 close(3)          = 0
12679 14:30:11.749661 open("/usr/lib64/gconv/gconv-modules.cache", O_RDONLY) = 3
12679 14:30:11.749748 fstat(3, {st_mode=S_IFREG|0644, st_size=26050, ...}) = 0
12679 14:30:11.750054 mmap(NULL, 26050, PROT_READ, MAP_SHARED, 3, 0) = 0x7f7ea5481000
12679 14:30:11.750131 close(3)          = 0
12679 14:30:11.750206 futex(0x3b50179f60, FUTEX_WAKE_PRIVATE, 2147483647) = 0
12679 14:30:11.750518 fstat(1, {st_mode=S_IFCHR|0620, st_rdev=makedev(136, 125), ...}) = 0
12679 14:30:11.750618 mmap(NULL, 4096, PROT_READ|PROT_WRITE, MAP_PRIVATE|MAP_ANONYMOUS, -1, 0) = 0x7f7ea5480000
12679 14:30:11.750701 write(1, "00001.avi\n", 10) = 10
12679 14:30:11.750786 write(1, "00001.mpeg\n", 11) = 11
12679 14:30:11.750891 write(1, "007-4273-003.pdf\n", 17) = 17
12679 14:30:11.750973 write(1, "05.MapReduce.pdf\n", 17) = 17
12679 14:30:11.751053 write(1, "086.pdf\n", 8) = 8
12679 14:30:11.751133 write(1, "10gRAConRHEL4.sxw\n", 18) = 18
12679 14:30:11.751214 write(1, "1150170835-NEC_RedHat_SIP-3.1.pd"..., 34) = 34
12679 14:30:11.751295 write(1, "115588.pdf\n", 11) = 11
12679 14:30:11.751373 write(1, "12248_div.pdf\n", 14) = 14
12679 14:30:11.751451 write(1, "128(2).py\n", 10) = 10
12679 14:30:11.751529 write(1, "128.py\n", 7) = 7
12679 14:30:11.751606 write(1, "18thJUl(2).tar.gz\n", 18) = 18
12679 14:30:11.751686 write(1, "18thJUl(2).tar.gz.part\n", 23) = 23
12679 14:30:11.751766 write(1, "18thJUl(3).tar.gz.part\n", 23) = 23
12679 14:30:11.751869 write(1, "18thJUl.tar.gz\n", 15) = 15
12679 14:30:11.751952 write(1, "2006sep_edition10_ima_user_guide"..., 40) = 40
12679 14:30:11.752036 write(1, "2006sep_edition10_ima_user_guide"..., 37) = 37
12679 14:30:11.752121 write(1, "2008-04-30_SPICE.pdf\n", 21) = 21
12679 14:30:11.752201 write(1, "2008-04-30_SPICE_perf.pdf\n", 26) = 26
12679 14:30:11.752282 write(1, "200810101050.pdf\n", 17) = 17
12679 14:30:11.752364 write(1, "20090312 Red Hat Enterprise Virt"..., 51) = 51
12679 14:30:11.752446 write(1, "2009-09-09-josef-StoragePerforma"..., 48) = 48
12679 14:30:11.752528 write(1, "220101.pdf\n", 11) = 11
12679 14:30:11.752606 write(1, "321211.pdf\n", 11) = 11
12679 14:30:11.753420 write(1, "438861-AA3.pdf\n", 15) = 15
12679 14:30:11.753546 write(1, "8.7\345\210\230\345\277\227\350\276\211\345\235\235\344\270\212\345\207\272\345\233\242.doc.pdf"..., 33) = 33
12679 14:30:11.753638 write(1, "Account_signup_and_login_v1.0.1."..., 36) = 36
12679 14:30:11.753722 write(1, "acl-2.2.29-CITI_NFS4_ALL-3.dif\n", 31) = 31
12679 14:30:11.753905 write(1, "acpi_cpufreq_add_acpi_perf_data_"..., 64) = 64
12679 14:30:11.753989 write(1, "ACPI_Overview.pdf\n", 18) = 18
12679 14:30:11.754069 write(1, "adobe-release-i386-1.0-1.noarch."..., 36) = 36
12679 14:30:11.754150 write(1, "allmydata-tahoe-1.6.1\n", 22) = 22
12679 14:30:11.754231 write(1, "allow_html_temp-2.0.1-tb.xpi\n", 29) = 29
12679 14:30:11.754313 write(1, "Anatomy_of_Oops.pdf\n", 20) = 20
12679 14:30:11.754393 write(1, "angkor-wat.kml\n", 15) = 15
12679 14:30:11.754472 write(1, "AppCompat(2).pdf\n", 17) = 17
12679 14:30:11.754551 write(1, "AppCompat.pdf\n", 14) = 14
12679 14:30:11.754629 write(1, "AtosOrigin(HK)Ltd.csv\n", 22) = 22
12679 14:30:11.754708 write(1, "audit-ids.pdf\n", 14) = 14
12679 14:30:11.755328 write(1, "autofs-5.0.1-0.rc2.143.el5.src.r"..., 35) = 35
12679 14:30:11.755418 write(1, "autofs-5.0.5-23.el6.src.rpm\n", 28) = 28
12679 14:30:11.755500 write(1, "autofs-debuginfo-5.0.1-0.rc2.143"..., 48) = 48
12679 14:30:11.755604 write(1, "autofs-debuginfo-5.0.5-23.el6.x8"..., 41) = 41
12679 14:30:11.755687 write(1, "b-GA7E8TMKNY.pdf\n", 17) = 17
12679 14:30:11.755767 write(1, "bind-utils-9.3.6-4.P1.el5_4.2.i3"..., 39) = 39
12679 14:30:11.755876 write(1, "??Bing\n", 7) = 7
12679 14:30:11.755954 write(1, "blktrace.pdf\n", 13) = 13
12679 14:30:11.756038 write(1, "boci_20090811.cert\n", 19) = 19
12679 14:30:11.756117 write(1, "booksample.pdf\n", 15) = 15
12679 14:30:11.756195 write(1, "bouml-4.23-p3-RHEL5.x86_64.rpm\n", 31) = 31
12679 14:30:11.756278 write(1, "b-whitepaper_implementing_highly"..., 90) = 90
12679 14:30:11.756362 write(1, "b-whitepaper_implementing_highly"..., 88) = 88
12679 14:30:11.756444 write(1, "b-whitepaper_nbu_architecture_ov"..., 57) = 57
12679 14:30:11.756526 write(1, "b-whitepaper_using_virtual_tape_"..., 75) = 75
12679 14:30:11.756607 write(1, "c00797875.pdf\n", 14) = 14
12679 14:30:11.756684 write(1, "c01633264.pdf\n", 14) = 14
12679 14:30:11.756762 write(1, "cacert.crt\n", 11) = 11
12679 14:30:11.756863 write(1, "Cache White Paper Xeon V1.pdf\n", 30) = 30
12679 14:30:11.756947 write(1, "catalina.out\n", 13) = 13
12679 14:30:11.757031 write(1, "cdrom.c\n", 8) = 8
12679 14:30:11.757106 write(1, "cegy00.xls\n", 11) = 11
12679 14:30:11.757185 write(1, "celgene-corp.cert\n", 18) = 18
12679 14:30:11.757265 write(1, "certificate_discovery_scenarios_"..., 40) = 40
12679 14:30:11.757345 write(1, "charts.tgz\n", 11) = 11
12679 14:30:11.757424 write(1, "cheungto.pdf\n", 13) = 13
12679 14:30:11.757501 write(1, "chrome\n", 7) = 7
12679 14:30:11.757577 write(1, "chrome.manifest\n", 16) = 16
12679 14:30:11.757655 write(1, "Cigna%20International%20Claim%20"..., 49) = 49
12679 14:30:11.757736 write(1, "Claim Form.pdf\n", 15) = 15
12679 14:30:11.757829 write(1, "Clicker_hi.apk\n", 15) = 15
12679 14:30:11.758086 write(1, "clsa_2.cert\n", 12) = 12
12679 14:30:11.758169 write(1, "clsa.cert\n", 10) = 10
12679 14:30:11.758247 write(1, "ClusterPitfalls(2).ppt\n", 23) = 23
12679 14:30:11.758328 write(1, "ClusterPitfalls.ppt\n", 20) = 20
12679 14:30:11.758409 write(1, "cman-1.0.27-1.el4.src.rpm\n", 26) = 26
12679 14:30:11.758489 write(1, "compactheader-0.6.2-tb.xpi\n", 27) = 27
12679 14:30:11.758570 write(1, "CompanyMeetingSlides3Q10PDF.pdf\n", 32) = 32
12679 14:30:11.758652 write(1, "console-messages-rac\n", 21) = 21
12679 14:30:11.758731 write(1, "core.27354\n", 11) = 11
12679 14:30:11.758828 write(1, "create-channel-update\n", 22) = 22
12679 14:30:11.758910 write(1, "CSatChina-FY10(2).sxc\n", 22) = 22
12679 14:30:11.758991 write(1, "CSatChina-FY10(3).sxc\n", 22) = 22
12679 14:30:11.759086 write(1, "CSatChina-FY10.sxc\n", 19) = 19
12679 14:30:11.759172 write(1, "CSAT_Graph.sxc\n", 15) = 15
12679 14:30:11.759260 write(1, "CSAT_Survey--May09.sxc\n", 23) = 23
12679 14:30:11.759349 write(1, "csbrief.pdf\n", 12) = 12
12679 14:30:11.759430 write(1, "cs-training-project2.doc\n", 25) = 25
12679 14:30:11.759524 write(1, "cs-training-project.doc\n", 24) = 24
12679 14:30:11.759614 write(1, "cs-training-project.sxw\n", 24) = 24
12679 14:30:11.759706 write(1, "customer.csv\n", 13) = 13
12679 14:30:11.759802 write(1, "data_sheet.pdf\n", 15) = 15
12679 14:30:11.759887 write(1, "defaults\n", 9) = 9
12679 14:30:11.759973 write(1, "device-mapper-1.02.39-1.el5_5.2."..., 41) = 41
12679 14:30:11.760061 write(1, "device-mapper-1.02.39-1.el5_5.2."..., 43) = 43
12679 14:30:11.760151 write(1, "device-mapper-event-1.02.39-1.el"..., 49) = 49
12679 14:30:11.760240 write(1, "DOC-22168.pdf\n", 14) = 14
12679 14:30:11.760329 write(1, "DOC-46950.pdf\n", 14) = 14
12679 14:30:11.760415 write(1, "document(2).svc\n", 16) = 16
12679 14:30:11.760509 write(1, "document(3).svc\n", 16) = 16
12679 14:30:11.760598 write(1, "document.pdf\n", 13) = 13
12679 14:30:11.760677 write(1, "document.svc\n", 13) = 13
12679 14:30:11.760761 write(1, "dotguide.pdf\n", 13) = 13
12679 14:30:11.760858 write(1, "download.csv\n", 13) = 13
12679 14:30:11.760938 write(1, "dsi.cert\n", 9) = 9
12679 14:30:11.761020 write(1, "E18429_01.pdf\n", 14) = 14
12679 14:30:11.761110 write(1, "e20_001_Storage_Technology_Found"..., 48) = 48
12679 14:30:11.761210 write(1, "eAdviceFile(2).pdf\n", 19) = 19
12679 14:30:11.761298 write(1, "eAdviceFile(3).pdf\n", 19) = 19
12679 14:30:11.761384 write(1, "eAdviceFile(4).pdf\n", 19) = 19
12679 14:30:11.761474 write(1, "eAdviceFile.pdf\n", 16) = 16
12679 14:30:11.761703 write(1, "email_source.log\n", 17) = 17
12679 14:30:11.761797 write(1, "emc-ap-training-schedule.pdf\n", 29) = 29
12679 14:30:11.761881 write(1, "ENG110.Bugzilla-v1.2.0.pdf\n", 27) = 27
12679 14:30:11.761963 write(1, "ENG111_Errata_Tool_and_Workflow_"..., 41) = 41
12679 14:30:11.762046 write(1, "ENG112-ContentDefinitionWorkflow"..., 40) = 40
12679 14:30:11.762128 write(1, "ENG114.Brew(2).pdf\n", 19) = 19
12679 14:30:11.762207 write(1, "ENG114.Brew.pdf\n", 16) = 16
12679 14:30:11.762286 write(1, "ENG119.RHTS.pdf\n", 16) = 16
12679 14:30:11.762364 write(1, "Enterprise_Agr_HongKong.pdf\n", 28) = 28
12679 14:30:11.762446 write(1, "EntitlementsWhitePaper.pdf\n", 27) = 27
12679 14:30:11.762527 write(1, "eStatementFile.pdf\n", 19) = 19
12679 14:30:11.762608 write(1, "FactSheet_Q3_2009_FINAL.pdf\n", 28) = 28
12679 14:30:11.762690 write(1, "family-status-change-form.doc\n", 30) = 30
12679 14:30:11.762784 write(1, "FAQ_20090429_Chn.pdf\n", 21) = 21
12679 14:30:11.762866 write(1, "fence_ilo\n", 10) = 10
12679 14:30:11.762943 write(1, "fence_vmware\n", 13) = 13
12679 14:30:11.763021 write(1, "firefox\n", 8) = 8
12679 14:30:11.763098 write(1, "FujitsuLimitedL3SIP_20080929.odt"..., 33) = 33
12679 14:30:11.763179 write(1, "gan.rar\n", 8) = 8
12679 14:30:11.763262 write(1, "gan's_f2l_oll_pll(08.08.25\346\233\264\346\226\260"..., 46) = 46
12679 14:30:11.763347 write(1, "glasses.pdf\n", 12) = 12
12679 14:30:11.763425 write(1, "GoalSettingResourceExample1.pdf\n", 32) = 32
12679 14:30:11.763506 write(1, "GoalSettingResourceExample2.pdf\n", 32) = 32
12679 14:30:11.763587 write(1, "GSS_All_Hands_31_Mar_2010.pdf\n", 30) = 30
12679 14:30:11.763670 write(1, "GSS_All_Hands_Q1FY10-v2-FINAL(2)"..., 37) = 37
12679 14:30:11.763751 write(1, "GSS_All_Hands_Q1FY10-v2-FINAL.pd"..., 34) = 34
12679 14:30:11.763849 write(1, "GSSAPSatCertHowTo.odt\n", 22) = 22
12679 14:30:11.763931 write(1, "GSS-Enterprise-Support-Services-"..., 59) = 59
12679 14:30:11.764015 write(1, "GSS-Enterprise-Support-Services-"..., 56) = 56
12679 14:30:11.764098 write(1, "GSS-Global-Services.sxi\n", 24) = 24
12679 14:30:11.764181 write(1, "GSS_QuickGuide.pdf\n", 19) = 19
12679 14:30:11.764262 write(1, "GSS-RedHat-Service-Offering(2).s"..., 35) = 35
12679 14:30:11.764343 write(1, "GSS-RedHat-Service-Offering.sxi\n", 32) = 32
12679 14:30:11.764424 write(1, "gss-report\n", 11) = 11
12679 14:30:11.764501 write(1, "guacamole-0.2.6\n", 16) = 16
12679 14:30:11.764579 write(1, "guacamole-0.2.6.tar.gz\n", 23) = 23
12679 14:30:11.764659 write(1, "GuitarTuner.zip\n", 16) = 16
12679 14:30:11.764737 write(1, "Handbook.doc\n", 13) = 13
12679 14:30:11.764833 write(1, "Hardware_Certification_Policy.pd"..., 34) = 34
12679 14:30:11.764916 write(1, "harper-Reprint.pdf\n", 19) = 19
12679 14:30:11.765328 write(1, "hi3g-access-ab.cert\n", 20) = 20
12679 14:30:11.765413 write(1, "HK-Cust-List\n", 13) = 13
12679 14:30:11.765493 write(1, "hong-kong-air-cargo-terminals-li"..., 46) = 46
12679 14:30:11.765575 write(1, "hong-kong-air-cargo-terminals-li"..., 43) = 43
12679 14:30:11.765656 write(1, "hospital-authority.cert\n", 24) = 24
12679 14:30:11.765737 write(1, "HP-Device-Mapper-Configuration-G"..., 67) = 67
12679 14:30:11.765834 write(1, "HP_NetTop_Whitepaper2.pdf\n", 26) = 26
12679 14:30:11.765918 write(1, "hs_err_pid14699.log\n", 20) = 20
12679 14:30:11.765997 write(1, "hwcert\n", 7) = 7
12679 14:30:11.766074 write(1, "HWCert_Presentation.wyn.pdf\n", 28) = 28
12679 14:30:11.766156 write(1, "Image001.jpg\n", 13) = 13
12679 14:30:11.766234 write(1, "index.html\n", 11) = 11
12679 14:30:11.766313 write(1, "inode.pdf\n", 10) = 10
12679 14:30:11.766391 write(1, "in_out_fund_template.pdf\n", 25) = 25
12679 14:30:11.766473 write(1, "Installation Variants.pdf\n", 26) = 26
12679 14:30:11.766554 write(1, "install.js\n", 11) = 11
12679 14:30:11.766642 write(1, "install.rdf\n", 12) = 12
12679 14:30:11.766720 write(1, "iotop-0.4.1\n", 12) = 12
12679 14:30:11.766816 write(1, "iotop-0.4.1.tar.bz2\n", 20) = 20
12679 14:30:11.766900 write(1, "IO_Tuning_Guide.pdf\n", 20) = 20
12679 14:30:11.766980 write(1, "IOzone_msword_98(2).pdf\n", 24) = 24
12679 14:30:11.767061 write(1, "IOzone_msword_98.pdf\n", 21) = 21
12679 14:30:11.767141 write(1, "irc2.9.5.tgz\n", 13) = 13
12679 14:30:11.767221 write(1, "ISM_Brochure.pdf\n", 17) = 17
12679 14:30:11.767301 write(1, "issue.csv\n", 10) = 10
12679 14:30:11.767380 write(1, "issue.ods\n", 10) = 10
12679 14:30:11.767459 write(1, "ITILTrainingPresentation.pdf\n", 29) = 29
12679 14:30:11.767540 write(1, "izxj9ssv\n", 9) = 9
12679 14:30:11.767619 write(1, "javafixcisco.xpi\n", 17) = 17
12679 14:30:11.767701 write(1, "jesus_life_gb.txt\n", 18) = 18
12679 14:30:11.767793 write(1, "jesus_life.txt\n", 15) = 15
12679 14:30:11.767876 write(1, "jumbomem-manual.pdf\n", 20) = 20
12679 14:30:11.767956 write(1, "kSar-5.1.0.jar\n", 15) = 15
12679 14:30:11.768201 write(1, "ksm-aa-ie-cw.pdf\n", 17) = 17
12679 14:30:11.768292 write(1, "KvmForum2007$kvm_pv_drv(2).pdf\n", 31) = 31
12679 14:30:11.768375 write(1, "KvmForum2007$kvm_pv_drv.pdf\n", 28) = 28
12679 14:30:11.768459 write(1, "lecture3.pdf\n", 13) = 13
12679 14:30:11.768537 write(1, "leftyguide.pdf\n", 15) = 15
12679 14:30:11.768616 write(1, "leroy_build_mod_condor.ppt\n", 27) = 27
12679 14:30:11.768704 write(1, "licence.txt\n", 12) = 12
12679 14:30:11.768799 write(1, "Linux Block Device Architecture("..., 35) = 35
12679 14:30:11.768884 write(1, "LinuxJournal_pNFS_article_ljones"..., 37) = 37
12679 14:30:11.768969 write(1, "LinuxRDAC v9.15 for Kernel2.6 on"..., 57) = 57
12679 14:30:11.769051 write(1, "lloyd_nature_406_1047_00.pdf\n", 29) = 29
12679 14:30:11.769132 write(1, "lmbench-2.0.4-2.EL4.i386.rpm\n", 29) = 29
12679 14:30:11.769212 write(1, "load.pdf\n", 9) = 9
12679 14:30:11.769291 write(1, "LTN20090302465_C.pdf\n", 21) = 21
12679 14:30:11.769372 write(1, "LTN20090312079_C.pdf\n", 21) = 21
12679 14:30:11.769452 write(1, "lvm2-2.02.27-2.el4.src.rpm\n", 27) = 27
12679 14:30:11.769533 write(1, "lvm2-2.02.56-8.el5_5.6.x86_64.rp"..., 34) = 34
12679 14:30:11.769615 write(1, "lvm2-cluster-2.02.56-7.el5_5.4.x"..., 42) = 42
12679 14:30:11.769696 write(1, "LVM Beyond the Basics.pdf\n", 26) = 26
12679 14:30:11.769794 write(1, "Manhood 10 - Three Cheers for Me"..., 48) = 48
12679 14:30:11.769879 write(1, "Manhood 15 - Genesis and Manhood"..., 43) = 43
12679 14:30:11.769964 write(1, "Manhood_15_-_Genesis_and_Manhood"..., 45) = 45
12679 14:30:11.770046 write(1, "Manhood 20 - A Man and His Wife-"..., 44) = 44
12679 14:30:11.770127 write(1, "Manhood 2 - Four Faces of Manhoo"..., 38) = 38
12679 14:30:11.770208 write(1, "Marco_Bill-Peter_Team_Results.pd"..., 34) = 34
12679 14:30:11.770290 write(1, "mastering-super-timeline-log2tim"..., 44) = 44
12679 14:30:11.770372 write(1, "Mastering_the_super_timeline_log"..., 52) = 52
12679 14:30:11.770453 write(1, "mdadm-2.5.tgz\n", 14) = 14
12679 14:30:11.770533 write(1, "Migrating SGLX cluster to RHCS C"..., 60) = 60
12679 14:30:11.770616 write(1, "mrta_PI_tch_1106.pdf\n", 21) = 21
12679 14:30:11.770695 write(1, "msg00937.pdf\n", 13) = 13
12679 14:30:11.770793 write(1, "MSP(D)2981 Personal details upda"..., 51) = 51
12679 14:30:11.770878 write(1, "nagar-Reprint.pdf\n", 18) = 18
12679 14:30:11.770960 write(1, "neatoguide.pdf\n", 15) = 15
12679 14:30:11.771041 write(1, "nomura_cert\n", 12) = 12
12679 14:30:11.771119 write(1, "nomura.cert\n", 12) = 12
12679 14:30:11.771197 write(1, "NonStop_LanConfigAndMgtManual.pd"..., 34) = 34
12679 14:30:11.771278 write(1, "notify.py\n", 10) = 10
12679 14:30:11.771355 write(1, "nptl-design.pdf\n", 16) = 16
12679 14:30:11.771434 write(1, "nss_ldap-253-25.el5.src.rpm\n", 28) = 28
12679 14:30:11.771517 write(1, "ntpd.strace.6447\n", 17) = 17
12679 14:30:11.771598 write(1, "OEML3SIP_v15-5.pdf\n", 19) = 19
12679 14:30:11.771677 write(1, "ogcio1.cert\n", 12) = 12
12679 14:30:11.771755 write(1, "ogcio2.cert\n", 12) = 12
12679 14:30:11.771857 write(1, "ogcio3.cert\n", 12) = 12
12679 14:30:11.771935 write(1, "ogcio-eval_cert\n", 16) = 16
12679 14:30:11.772015 write(1, "ogcio-real_cert\n", 16) = 16
12679 14:30:11.772095 write(1, "oldfield-cv-2008.pdf\n", 21) = 21
12679 14:30:11.772175 write(1, "One_Page_Resume_RichardKeech.pdf"..., 33) = 33
12679 14:30:11.772256 write(1, "oocl.cert\n", 10) = 10
12679 14:30:11.772334 write(1, "oocl_sat_cert\n", 14) = 14
12679 14:30:11.772412 write(1, "openais-0.80.6-16.el5.src.rpm\n", 30) = 30
12679 14:30:11.772493 write(1, "openssh-blacklist-1.0.sh\n", 25) = 25
12679 14:30:11.772576 write(1, "openstacktutorialieeecloudcom-10"..., 56) = 56
12679 14:30:11.772657 write(1, "OracleRedHatRelationship.pdf\n", 29) = 29
12679 14:30:11.772744 write(1, "Oracle\345\216\237\345\216\202\345\237\271\350\256\255\346\212\245\345\220\215\350\241\250.-.Re"..., 53) = 53
12679 14:30:11.772849 write(1, "or-pro.pdf\n", 11) = 11
12679 14:30:11.772927 write(1, "overview.pdf\n", 13) = 13
12679 14:30:11.773005 write(1, "pa.cert\n", 8) = 8
12679 14:30:11.773083 write(1, "paic.cert\n", 10) = 10
12679 14:30:11.773161 write(1, "paic.cert.bk\n", 13) = 13
12679 14:30:11.773240 write(1, "paic-paic-eval.cert\n", 20) = 20
12679 14:30:11.773319 write(1, "paig.cert\n", 10) = 10
12679 14:30:11.773397 write(1, "patching-r2-131911.pdf\n", 23) = 23
12679 14:30:11.773477 write(1, "pathvalidation_wp.pdf\n", 22) = 22
12679 14:30:11.773558 write(1, "perf troubleshooting trans cs.pd"..., 34) = 34
12679 14:30:11.773639 write(1, "PhoneList.xls\n", 14) = 14
12679 14:30:11.773718 write(1, "phone_number.ods\n", 17) = 17
12679 14:30:11.773813 write(1, "phptagengine-1.0.zip\n", 21) = 21
12679 14:30:11.773895 write(1, "php.vim\n", 8) = 8
12679 14:30:11.773972 write(1, "PL-G2010-0601.pdf\n", 18) = 18
12679 14:30:11.774051 write(1, "qhli_eng.pdf\n", 13) = 13
12679 14:30:11.774131 write(1, "Quest PPT Session 10-Mentors-Cn-"..., 39) = 39
12679 14:30:11.774214 write(1, "Red_Hat_Enterprise_Linux-6-GDB_a"..., 68) = 68
12679 14:30:11.774297 write(1, "Red Hat Product Portfolio Improv"..., 87) = 87
12679 14:30:11.774378 write(1, "remote_access_agreement_statemen"..., 38) = 38
12679 14:30:11.774460 write(1, "restorevm(2).sql\n", 17) = 17
12679 14:30:11.774539 write(1, "restorevm.sql\n", 14) = 14
12679 14:30:11.774619 write(1, "resume_JohnLau.pdf\n", 19) = 19
12679 14:30:11.774701 write(1, "ResumeMikeFabian.pdf\n", 21) = 21
12679 14:30:11.774801 write(1, "resume.odt\n", 11) = 11
12679 14:30:11.774883 write(1, "rfbproto.pdf\n", 13) = 13
12679 14:30:11.774963 write(1, "rfc1305(2).pdf\n", 15) = 15
12679 14:30:11.775044 write(1, "rfc1305(3).pdf\n", 15) = 15
12679 14:30:11.775424 write(1, "rfc1305.pdf\n", 12) = 12
12679 14:30:11.775510 write(1, "rgmanager-2.0.52-1.el5_4.3.src.r"..., 35) = 35
12679 14:30:11.775592 write(1, "rgmanager-debuginfo-2.0.52-6.el5"..., 44) = 44
12679 14:30:11.775674 write(1, "rhce-exam-question-1.pdf\n", 25) = 25
12679 14:30:11.775755 write(1, "rhcf-the_movie-iPhone.mp4\n", 26) = 26
12679 14:30:11.775853 write(1, "RHCLogoHRE.eps\n", 15) = 15
12679 14:30:11.775932 write(1, "RHEL-4_en_US_netdump_crash.pdf\n", 31) = 31
12679 14:30:11.776013 write(1, "RHEL4-IO-Schedulers.pdf\n", 24) = 24
12679 14:30:11.776092 write(1, "rhel4_vm(2).pdf\n", 16) = 16
12679 14:30:11.776171 write(1, "rhel4_vm.pdf\n", 13) = 13
12679 14:30:11.776249 write(1, "RHEL6EnergySavings.odp\n", 23) = 23
12679 14:30:11.776329 write(1, "rhel6 info cards final.pdf\n", 27) = 27
12679 14:30:11.776410 write(1, "RHEL6-KVM.zip\n", 14) = 14
12679 14:30:11.776489 write(1, "RHELTuningandOptimizationforOrac"..., 45) = 45
12679 14:30:11.776571 write(1, "RHELTuningandOptimizationforOrac"..., 42) = 42
12679 14:30:11.776651 write(1, "RHEV\n", 5) = 5
12679 14:30:11.776729 write(1, "RH-MRG-Introduction-for-Customer"..., 37) = 37
12679 14:30:11.776827 write(1, "rhn_taskomatic_daemon.log.gz\n", 29) = 29
12679 14:30:11.776908 write(1, "Robert.sxw\n", 11) = 11
12679 14:30:11.776985 write(1, "rskndam.zip\n", 12) = 12
12679 14:30:11.777063 write(1, "sat_ent2.JPG\n", 13) = 13
12679 14:30:11.777140 write(1, "save_life.doc\n", 14) = 14
12679 14:30:11.777228 write(1, "scale-out-file-services-white-pa"..., 49) = 49
12679 14:30:11.777309 write(1, "ScorecarD.sxc\n", 14) = 14
12679 14:30:11.777387 write(1, "scponly-4.8.tgz\n", 16) = 16
12679 14:30:11.777464 write(1, "Screenshot-gnome-session.png\n", 29) = 29
12679 14:30:11.777546 write(1, "search_results.csv\n", 19) = 19
12679 14:30:11.777627 write(1, "SEC-W-0019-Linux.doc\n", 21) = 21
12679 14:30:11.777707 write(1, "SEG-ALL-HANDS-Q1FY12-v0.4.odp\n", 30) = 30
12679 14:30:11.777799 write(1, "share_ca-certs_Microsoft_Interne"..., 53) = 53
12679 14:30:11.777883 write(1, "share_ca-certs_Microsoft_Secure_"..., 58) = 58
12679 14:30:11.777964 write(1, "sosreport-bcawebp1-709288-0bcbaf"..., 41) = 41
12679 14:30:11.778045 write(1, "sosreport-pgsqlha2.tar.bz2\n", 27) = 27
12679 14:30:11.778125 write(1, "SpaceDebrisAstrolunch.pdf\n", 26) = 26
12679 14:30:11.778373 write(1, "SpaceDebrisAstrolunch.pdf.part\n", 31) = 31
12679 14:30:11.778459 write(1, "stardict-3.0.1-20.fc12.x86_64.rp"..., 34) = 34
12679 14:30:11.778540 write(1, "stock032410.pdf\n", 16) = 16
12679 14:30:11.778618 write(1, "strace_analyzer_ng_0.09.pl\n", 27) = 27
12679 14:30:11.778699 write(1, "stress-0.18.8-1.3.EL4.i386.rpm\n", 31) = 31
12679 14:30:11.778794 write(1, "Summit08presentation_GFSBestPrac"..., 48) = 48
12679 14:30:11.778878 write(1, "sun-ray-software-ds-065317.pdf\n", 31) = 31
12679 14:30:11.778958 write(1, "syllabus_forSaba(2).pdf\n", 24) = 24
12679 14:30:11.779038 write(1, "syllabus_forSaba(3).pdf\n", 24) = 24
12679 14:30:11.779117 write(1, "syllabus_forSaba(4).pdf\n", 24) = 24
12679 14:30:11.779195 write(1, "syllabus_forSaba(5).pdf\n", 24) = 24
12679 14:30:11.779275 write(1, "syllabus_forSaba(6).pdf\n", 24) = 24
12679 14:30:11.779355 write(1, "syllabus_forSaba(7).pdf\n", 24) = 24
12679 14:30:11.779433 write(1, "syllabus_forSaba(8).pdf\n", 24) = 24
12679 14:30:11.779513 write(1, "syllabus_forSaba(9).pdf\n", 24) = 24
12679 14:30:11.779592 write(1, "syllabus_forSaba.pdf\n", 21) = 21
12679 14:30:11.779672 write(1, "sysklogd-1.4.1-28.el4.src.rpm\n", 30) = 30
12679 14:30:11.779754 write(1, "sysreport-root.bss-db1.tar.bz2-f"..., 68) = 68
12679 14:30:11.779850 write(1, "SystemTap_Beginners_Guide.pdf\n", 30) = 30
12679 14:30:11.779932 write(1, "System-Tuning-in-General.sxw\n", 29) = 29
12679 14:30:11.780013 write(1, "System_users.pdf\n", 17) = 17
12679 14:30:11.780093 write(1, "TAM-Webinar-Cluster-Best-Practic"..., 42) = 42
12679 14:30:11.780173 write(1, "tburke_rhel6_summit.pdf\n", 24) = 24
12679 14:30:11.780252 write(1, "TCP-Keepalive-HOWTO.pdf\n", 24) = 24
12679 14:30:11.780332 write(1, "TeamProcessTrackingSheet.sxc\n", 29) = 29
12679 14:30:11.780413 write(1, "thunderbird\n", 12) = 12
12679 14:30:11.780492 write(1, "thunderbird_message_filter_impor"..., 59) = 59
12679 14:30:11.780573 write(1, "thunderfilter\n", 14) = 14
12679 14:30:11.780650 write(1, "udev.pdf\n", 9) = 9
12679 14:30:11.780728 write(1, "util_tst.plg\n", 13) = 13
12679 14:30:11.780822 write(1, "virtio-drivers-1.0.0-45801.vfd\n", 31) = 31
12679 14:30:11.780903 write(1, "vmware_timekeeping.pdf\n", 23) = 23
12679 14:30:11.780984 write(1, "VPNRedHatPHX2RSA.vpn\n", 21) = 21
12679 14:30:11.781063 write(1, "WEB_McNaught_Path.pdf\n", 22) = 22
12679 14:30:11.781143 write(1, "wordpress-3.1.tar.gz\n", 21) = 21
12679 14:30:11.781222 write(1, "wp-2005_bfs.pdf\n", 16) = 16
12679 14:30:11.781300 write(1, "www.dedoimedo.com-crash-book.pdf"..., 33) = 33
12679 14:30:11.781381 write(1, "www.dedoimedo.com-crash-book.pdf"..., 38) = 38
12679 14:30:11.781466 write(1, "Xajax\344\270\255\346\226\207\346\211\213\345\206\214.zip\n", 22) = 22
12679 14:30:11.781549 write(1, "xchat-notify.py\n", 16) = 16
12679 14:30:11.781628 write(1, "XFS-0.1-XFS_Filesystem_Structure"..., 43) = 43
12679 14:30:11.781708 write(1, "XFS-0.1-XFS_Labs-en-US.pdf\n", 27) = 27
12679 14:30:11.781799 write(1, "XFS-0.1-XFS_User_Guide-en-US.pdf"..., 33) = 33
12679 14:30:11.781883 write(1, "xfs_filesystem_structure.pdf\n", 29) = 29
12679 14:30:11.781963 write(1, "xfs_slides_01_background.pdf\n", 29) = 29
12679 14:30:11.782052 write(1, "xfs_slides_02_overview.pdf\n", 27) = 27
12679 14:30:11.782133 write(1, "xfs_slides_09_internals.pdf\n", 28) = 28
12679 14:30:11.782214 write(1, "xfs_slides_15_dmapi.pdf\n", 24) = 24
12679 14:30:11.782296 write(1, "\345\271\263\345\256\211\350\257\201\345\210\270.cert\n", 18) = 18
12679 14:30:11.782383 write(1, "\351\230\277Bing.rar\n", 12) = 12
12679 14:30:11.782474 close(1)          = 0
12679 14:30:11.782546 munmap(0x7f7ea5480000, 4096) = 0
12679 14:30:11.782629 close(2)          = 0
12679 14:30:11.782723 exit_group(0)     = ?
